../Core/Src/main.c:93:5:main	8	static
../Core/Src/main.c:151:6:SystemClock_Config	120	static
../Core/Src/main.c:198:13:MX_TIM1_Init	112	static
../Core/Src/main.c:283:13:MX_TIM2_Init	56	static
../Core/Src/main.c:341:13:MX_USART2_UART_Init	8	static
../Core/Src/main.c:376:13:MX_GPIO_Init	40	static
../Core/Src/main.c:412:6:HAL_TIM_IC_CaptureCallback	24	static
../Core/Src/main.c:437:6:HAL_TIM_PeriodElapsedCallback	16	static
../Core/Src/main.c:442:6:check_pin	8	static
../Core/Src/main.c:452:6:config_pwm	4	static
../Core/Src/main.c:481:6:check_frequency	8	static
../Core/Src/main.c:505:6:Error_Handler	4	static
